<UserControl x:Class="WpfApp1.UserControl1"
             xmlns="http://schemas.microsoft.com/winfx/2006/xaml/presentation"
             xmlns:x="http://schemas.microsoft.com/winfx/2006/xaml">
    <Grid>
        <Grid.ColumnDefinitions>
            <ColumnDefinition Width="*" />
            <ColumnDefinition Width="*" />
            <ColumnDefinition Width="*"
                              />
        </Grid.ColumnDefinitions>

        <TextBlock Text="Sample text" />
        <TextBlock
            />

    </Grid>
</UserControl>